// Jest Snapshot v1, https://goo.gl/fbAQLP

exports[`Generate phone number should render the <PhoneBook /> component correctly 1`] = `ShallowWrapper {}`;
